
ArgumentError: activate does not accept more than one argument:
['python', 'fetch_gw150914.py']


========================================
Job ID:       3504707
Job Name:     run.sh
Node:         nid010052
GPUs:         1
Start time:   Tue Mar 31 09:54:55 AM UTC 2026
Working dir:  /home/u6bn/lovick.u6bn/GW/src
Command:      python fetch_gw150914.py
Python:       /home/u6bn/lovick.u6bn/miniforge3/envs/lao/bin/python
========================================
Fetching H1 data...
Fetching data from H1...
Fetching PSD data...
Finished loading data.
Fetching L1 data...
Fetching data from L1...
Fetching PSD data...
Finished loading data.
Done. 4015 frequency bins, 20.2–1023.8 Hz
========================================
End time:     Tue Mar 31 09:58:54 AM UTC 2026
Exit code:    0
========================================
