
ArgumentError: activate does not accept more than one argument:
['python', 'blackjax_bad_gw150914.py', '--mode', 'alcs_bad']


========================================
Job ID:       4428144
Job Name:     run.sh
Node:         nid010084
GPUs:         1
Start time:   Thu Apr 30 02:25:09 PM UTC 2026
Working dir:  /home/u6hj/lovick.u6hj/GW/src
Command:      python blackjax_bad_gw150914.py --mode alcs_bad
Python:       /home/u6hj/lovick.u6hj/miniforge3/envs/lao/bin/python
========================================
Traceback (most recent call last):
  File "/home/u6hj/lovick.u6hj/GW/src/blackjax_bad_gw150914.py", line 37, in <module>
    from jimgw.single_event.detector import H1, L1
  File "/home/u6hj/lovick.u6hj/miniforge3/envs/lao/lib/python3.11/site-packages/jimgw/single_event/detector.py", line 14, in <module>
    from jimgw.single_event.wave import Polarization
  File "/home/u6hj/lovick.u6hj/miniforge3/envs/lao/lib/python3.11/site-packages/jimgw/single_event/wave.py", line 3, in <module>
    import equinox as eqx
  File "/home/u6hj/lovick.u6hj/miniforge3/envs/lao/lib/python3.11/site-packages/equinox/__init__.py", line 3, in <module>
    from . import debug as debug, internal as internal, nn as nn
  File "/home/u6hj/lovick.u6hj/miniforge3/envs/lao/lib/python3.11/site-packages/equinox/debug/__init__.py", line 1, in <module>
    from ._announce_transform import announce_transform as announce_transform
  File "/home/u6hj/lovick.u6hj/miniforge3/envs/lao/lib/python3.11/site-packages/equinox/debug/_announce_transform.py", line 127, in <module>
    announce_jaxpr_p = jax.core.Primitive("announce_jaxpr")
                       ^^^^^^^^^^^^^^^^^^
  File "/home/u6hj/lovick.u6hj/miniforge3/envs/lao/lib/python3.11/site-packages/jax/_src/deprecations.py", line 57, in getattr
    raise AttributeError(f"module {module!r} has no attribute {name!r}")
AttributeError: module 'jax.core' has no attribute 'Primitive'
========================================
End time:     Thu Apr 30 02:25:29 PM UTC 2026
Exit code:    1
========================================
